## ubuntu17+win10双系统安装
由于固态晚到货，所以电脑先装ubuntu。<br>
安装过程不复杂，注意好硬盘id和分区就行了，一个硬盘一般是sdx，如果有两块硬盘一般是sda和sdb。分区的时候注意，如果要下载比较多东西，那么home要大一些。<br>
我的设置 ：
```
/boot  200m  主分区 EXT4
/           60G      主分区 EXT4
/home 200G   主分区 EXT4
/swap可有可无，一般是2G，逻辑分区
```
然后装上固态后，安装win10，更加简单，只要注意给固态分区就可以了（固态小打话可以不用分区，直接把系统装进去），然后进入系统后再对剩余空间分区。<br>
然后就是激活win10.<br>
安装easybcd引导软件，发现不能选中linux。。。另外一个软件bootice，也不能识别。<br>
而且，之前ubuntu是legacy方式启动安装的，win10是uefi安装，所以bios F12中没有ubuntu启动选项。。。无奈重装ubuntu，用uefi安装。并且主要重装的时候还是选中其他选项，还要格式化硬盘，否则就会一直卡住无法安装。<br>
到此，要调整两个系统的启动还是要通过F12实现。<br>

执行：`sudo update-grub`
```
Generating grub configuration file ...
Found linux image: /boot/vmlinuz-4.10.0-19-generic
Found initrd image: /boot/initrd.img-4.10.0-19-generic
Found Windows Boot Manager on /dev/sdb2@/EFI/Microsoft/Boot/bootmgfw.efi
Adding boot menu entry for EFI firmware configuration
done
```
执行：`sudo fdisk -l `重新检查 ：
```
Disk /dev/sda: 465.8 GiB, 500107862016 bytes, 976773168 sectors
Units: sectors of 1 * 512 = 512 bytes
Sector size (logical/physical): 512 bytes / 4096 bytes
I/O size (minimum/optimal): 4096 bytes / 4096 bytes
Disklabel type: dos
Disk identifier: 0xfc8d1de2

设备       启动     Start      末尾      扇区   Size Id 类型
/dev/sda1            2048    391167    389120   190M 83 Linux
/dev/sda2          391168 120391679 120000512  57.2G 83 Linux
/dev/sda3       120391680 520392703 400001024 190.8G 83 Linux
/dev/sda4       520394750 976771071 456376322 217.6G  f W95 扩展 (LBA)
/dev/sda5       520394752 976771071 456376320 217.6G  7 HPFS/NTFS/exFAT

Partition 4 does not start on physical sector boundary.


Disk /dev/sdb: 223.6 GiB, 240057409536 bytes, 468862128 sectors
Units: sectors of 1 * 512 = 512 bytes
Sector size (logical/physical): 512 bytes / 512 bytes
I/O size (minimum/optimal): 512 bytes / 512 bytes
Disklabel type: gpt
Disk identifier: D64BD5D6-3C85-4421-B438-416407F6CC1E

设备           Start      末尾      扇区   Size 类型
/dev/sdb1       2048    923647    921600   450M Windows recovery environment
/dev/sdb2     923648   1126399    202752    99M EFI System
/dev/sdb3    1126400   1159167     32768    16M Microsoft reserved
/dev/sdb4    1159168 251658239 250499072 119.5G Microsoft basic data
/dev/sdb5  251658240 468858879 217200640 103.6G Microsoft basic data
```
重开机之后可以看到系统默认先进入grub2引导项


